Apache Maven 3.0.5
Maven home: /usr/share/maven
Java version: 1.8.0_91, vendor: Oracle Corporation
Java home: /home/train/java/jdk1.8.0_91/jre
Default locale: en_US, platform encoding: UTF-8
OS name: "linux", version: "3.19.0-25-generic", arch: "amd64", family: "unix"
[INFO] Error stacktraces are turned on.
[DEBUG] Reading global settings from /usr/share/maven/conf/settings.xml
[DEBUG] Reading user settings from /home/train/.m2/settings.xml
[DEBUG] Using local repository at /home/train/.m2/repository
[DEBUG] Using manager EnhancedLocalRepositoryManager with priority 10 for /home/train/.m2/repository
[INFO] Scanning for projects...
[DEBUG] Extension realms for project com.amdocs:amdocs-helloworld-app:jar:1.0-SNAPSHOT: (none)
[DEBUG] Looking up lifecyle mappings for packaging jar from ClassRealm[plexus.core, parent: null]
[DEBUG] === REACTOR BUILD PLAN ================================================
[DEBUG] Project: com.amdocs:amdocs-helloworld-app:jar:1.0-SNAPSHOT
[DEBUG] Tasks:   [test]
[DEBUG] Style:   Regular
[DEBUG] =======================================================================
[INFO]                                                                         
[INFO] ------------------------------------------------------------------------
[INFO] Building amdocs-helloworld-app 1.0-SNAPSHOT
[INFO] ------------------------------------------------------------------------
[DEBUG] Lifecycle default -> [validate, initialize, generate-sources, process-sources, generate-resources, process-resources, compile, process-classes, generate-test-sources, process-test-sources, generate-test-resources, process-test-resources, test-compile, process-test-classes, test, prepare-package, package, pre-integration-test, integration-test, post-integration-test, verify, install, deploy]
[DEBUG] Lifecycle clean -> [pre-clean, clean, post-clean]
[DEBUG] Lifecycle site -> [pre-site, site, post-site, site-deploy]
[DEBUG] Lifecycle default -> [validate, initialize, generate-sources, process-sources, generate-resources, process-resources, compile, process-classes, generate-test-sources, process-test-sources, generate-test-resources, process-test-resources, test-compile, process-test-classes, test, prepare-package, package, pre-integration-test, integration-test, post-integration-test, verify, install, deploy]
[DEBUG] Lifecycle clean -> [pre-clean, clean, post-clean]
[DEBUG] Lifecycle site -> [pre-site, site, post-site, site-deploy]
[DEBUG] Lifecycle default -> [validate, initialize, generate-sources, process-sources, generate-resources, process-resources, compile, process-classes, generate-test-sources, process-test-sources, generate-test-resources, process-test-resources, test-compile, process-test-classes, test, prepare-package, package, pre-integration-test, integration-test, post-integration-test, verify, install, deploy]
[DEBUG] Lifecycle clean -> [pre-clean, clean, post-clean]
[DEBUG] Lifecycle site -> [pre-site, site, post-site, site-deploy]
[DEBUG] Lifecycle default -> [validate, initialize, generate-sources, process-sources, generate-resources, process-resources, compile, process-classes, generate-test-sources, process-test-sources, generate-test-resources, process-test-resources, test-compile, process-test-classes, test, prepare-package, package, pre-integration-test, integration-test, post-integration-test, verify, install, deploy]
[DEBUG] Lifecycle clean -> [pre-clean, clean, post-clean]
[DEBUG] Lifecycle site -> [pre-site, site, post-site, site-deploy]
[DEBUG] Lifecycle default -> [validate, initialize, generate-sources, process-sources, generate-resources, process-resources, compile, process-classes, generate-test-sources, process-test-sources, generate-test-resources, process-test-resources, test-compile, process-test-classes, test, prepare-package, package, pre-integration-test, integration-test, post-integration-test, verify, install, deploy]
[DEBUG] Lifecycle clean -> [pre-clean, clean, post-clean]
[DEBUG] Lifecycle site -> [pre-site, site, post-site, site-deploy]
[DEBUG] Lifecycle default -> [validate, initialize, generate-sources, process-sources, generate-resources, process-resources, compile, process-classes, generate-test-sources, process-test-sources, generate-test-resources, process-test-resources, test-compile, process-test-classes, test, prepare-package, package, pre-integration-test, integration-test, post-integration-test, verify, install, deploy]
[DEBUG] Lifecycle clean -> [pre-clean, clean, post-clean]
[DEBUG] Lifecycle site -> [pre-site, site, post-site, site-deploy]
[DEBUG] === PROJECT BUILD PLAN ================================================
[DEBUG] Project:       com.amdocs:amdocs-helloworld-app:1.0-SNAPSHOT
[DEBUG] Dependencies (collect): []
[DEBUG] Dependencies (resolve): [compile, test]
[DEBUG] Repositories (dependencies): [central (http://repo.maven.apache.org/maven2, releases)]
[DEBUG] Repositories (plugins)     : [central (http://repo.maven.apache.org/maven2, releases)]
[DEBUG] -----------------------------------------------------------------------
[DEBUG] Goal:          org.apache.maven.plugins:maven-resources-plugin:2.3:resources (default-resources)
[DEBUG] Style:         Regular
[DEBUG] Configuration: <?xml version="1.0" encoding="UTF-8"?>
<configuration>
  <encoding default-value="${project.build.sourceEncoding}">${encoding}</encoding>
  <escapeString>${maven.resources.escapeString}</escapeString>
  <filters>${project.build.filters}</filters>
  <includeEmptyDirs default-value="false">${maven.resources.includeEmptyDirs}</includeEmptyDirs>
  <outputDirectory>${project.build.outputDirectory}</outputDirectory>
  <overwrite default-value="false">${maven.resources.overwrite}</overwrite>
  <project>${project}</project>
  <resources>${project.resources}</resources>
  <session>${session}</session>
</configuration>
[DEBUG] -----------------------------------------------------------------------
[DEBUG] Goal:          org.apache.maven.plugins:maven-compiler-plugin:2.0.2:compile (default-compile)
[DEBUG] Style:         Regular
[DEBUG] Configuration: <?xml version="1.0" encoding="UTF-8"?>
<configuration>
  <basedir>${basedir}</basedir>
  <buildDirectory>${project.build.directory}</buildDirectory>
  <classpathElements>${project.compileClasspathElements}</classpathElements>
  <compileSourceRoots>${project.compileSourceRoots}</compileSourceRoots>
  <compilerId default-value="javac">${maven.compiler.compilerId}</compilerId>
  <compilerVersion>${maven.compiler.compilerVersion}</compilerVersion>
  <debug default-value="true">${maven.compiler.debug}</debug>
  <encoding>${maven.compiler.encoding}</encoding>
  <executable>${maven.compiler.executable}</executable>
  <failOnError default-value="true">${maven.compiler.failOnError}</failOnError>
  <fork default-value="false"/>
  <maxmem>${maven.compiler.maxmem}</maxmem>
  <meminitial>${maven.compiler.meminitial}</meminitial>
  <optimize default-value="false">${maven.compiler.optimize}</optimize>
  <outputDirectory>${project.build.outputDirectory}</outputDirectory>
  <outputFileName>${project.build.finalName}</outputFileName>
  <projectArtifact>${project.artifact}</projectArtifact>
  <showDeprecation default-value="false">${maven.compiler.showDeprecation}</showDeprecation>
  <showWarnings default-value="false">${maven.compiler.showWarnings}</showWarnings>
  <source>${maven.compiler.source}</source>
  <staleMillis default-value="0">${lastModGranularityMs}</staleMillis>
  <target>${maven.compiler.target}</target>
  <verbose default-value="false">${maven.compiler.verbose}</verbose>
</configuration>
[DEBUG] -----------------------------------------------------------------------
[DEBUG] Goal:          org.apache.maven.plugins:maven-resources-plugin:2.3:testResources (default-testResources)
[DEBUG] Style:         Regular
[DEBUG] Configuration: <?xml version="1.0" encoding="UTF-8"?>
<configuration>
  <encoding default-value="${project.build.sourceEncoding}">${encoding}</encoding>
  <escapeString>${maven.resources.escapeString}</escapeString>
  <filters>${project.build.filters}</filters>
  <includeEmptyDirs default-value="false">${maven.resources.includeEmptyDirs}</includeEmptyDirs>
  <outputDirectory>${project.build.testOutputDirectory}</outputDirectory>
  <overwrite default-value="false">${maven.resources.overwrite}</overwrite>
  <project>${project}</project>
  <resources>${project.testResources}</resources>
  <session>${session}</session>
</configuration>
[DEBUG] -----------------------------------------------------------------------
[DEBUG] Goal:          org.apache.maven.plugins:maven-compiler-plugin:2.0.2:testCompile (default-testCompile)
[DEBUG] Style:         Regular
[DEBUG] Configuration: <?xml version="1.0" encoding="UTF-8"?>
<configuration>
  <basedir>${basedir}</basedir>
  <buildDirectory>${project.build.directory}</buildDirectory>
  <classpathElements>${project.testClasspathElements}</classpathElements>
  <compileSourceRoots>${project.testCompileSourceRoots}</compileSourceRoots>
  <compilerId default-value="javac">${maven.compiler.compilerId}</compilerId>
  <compilerVersion>${maven.compiler.compilerVersion}</compilerVersion>
  <debug default-value="true">${maven.compiler.debug}</debug>
  <encoding>${maven.compiler.encoding}</encoding>
  <executable>${maven.compiler.executable}</executable>
  <failOnError default-value="true">${maven.compiler.failOnError}</failOnError>
  <fork default-value="false"/>
  <maxmem>${maven.compiler.maxmem}</maxmem>
  <meminitial>${maven.compiler.meminitial}</meminitial>
  <optimize default-value="false">${maven.compiler.optimize}</optimize>
  <outputDirectory>${project.build.testOutputDirectory}</outputDirectory>
  <outputFileName>${project.build.finalName}</outputFileName>
  <showDeprecation default-value="false">${maven.compiler.showDeprecation}</showDeprecation>
  <showWarnings default-value="false">${maven.compiler.showWarnings}</showWarnings>
  <skip>${maven.test.skip}</skip>
  <source>${maven.compiler.source}</source>
  <staleMillis default-value="0">${lastModGranularityMs}</staleMillis>
  <target>${maven.compiler.target}</target>
  <verbose default-value="false">${maven.compiler.verbose}</verbose>
</configuration>
[DEBUG] -----------------------------------------------------------------------
[DEBUG] Goal:          org.apache.maven.plugins:maven-surefire-plugin:2.10:test (default-test)
[DEBUG] Style:         Regular
[DEBUG] Configuration: <?xml version="1.0" encoding="UTF-8"?>
<configuration>
  <argLine>${argLine}</argLine>
  <basedir default-value="${basedir}"/>
  <childDelegation default-value="false">${childDelegation}</childDelegation>
  <classesDirectory default-value="${project.build.outputDirectory}"/>
  <debugForkedProcess>${maven.surefire.debug}</debugForkedProcess>
  <disableXmlReport default-value="false">${disableXmlReport}</disableXmlReport>
  <enableAssertions default-value="true">${enableAssertions}</enableAssertions>
  <excludedGroups>${excludedGroups}</excludedGroups>
  <failIfNoTests>${failIfNoTests}</failIfNoTests>
  <forkMode default-value="once">${forkMode}</forkMode>
  <forkedProcessTimeoutInSeconds>${surefire.timeout}</forkedProcessTimeoutInSeconds>
  <groups>${groups}</groups>
  <junitArtifactName default-value="junit:junit">${junitArtifactName}</junitArtifactName>
  <jvm>${jvm}</jvm>
  <localRepository>${localRepository}</localRepository>
  <objectFactory>${objectFactory}</objectFactory>
  <parallel>${parallel}</parallel>
  <parallelMavenExecution default-value="${session.parallel}"/>
  <perCoreThreadCount default-value="true">${perCoreThreadCount}</perCoreThreadCount>
  <pluginArtifactMap>${plugin.artifactMap}</pluginArtifactMap>
  <printSummary default-value="true">${surefire.printSummary}</printSummary>
  <project default-value="${project}"/>
  <projectArtifactMap>${project.artifactMap}</projectArtifactMap>
  <redirectTestOutputToFile default-value="false">${maven.test.redirectTestOutputToFile}</redirectTestOutputToFile>
  <remoteRepositories>${project.pluginArtifactRepositories}</remoteRepositories>
  <reportFormat default-value="brief">${surefire.reportFormat}</reportFormat>
  <reportNameSuffix default-value="">${surefire.reportNameSuffix}</reportNameSuffix>
  <reportsDirectory default-value="${project.build.directory}/surefire-reports"/>
  <runOrder default-value="filesystem"/>
  <session>${session}</session>
  <skip default-value="false">${maven.test.skip}</skip>
  <skipExec>${maven.test.skip.exec}</skipExec>
  <skipTests default-value="false">${skipTests}</skipTests>
  <test>${test}</test>
  <testClassesDirectory default-value="${project.build.testOutputDirectory}"/>
  <testFailureIgnore default-value="false">${maven.test.failure.ignore}</testFailureIgnore>
  <testNGArtifactName default-value="org.testng:testng">${testNGArtifactName}</testNGArtifactName>
  <testSourceDirectory default-value="${project.build.testSourceDirectory}"/>
  <threadCount>${threadCount}</threadCount>
  <trimStackTrace default-value="true">${trimStackTrace}</trimStackTrace>
  <useFile default-value="true">${surefire.useFile}</useFile>
  <useManifestOnlyJar default-value="true">${surefire.useManifestOnlyJar}</useManifestOnlyJar>
  <useSystemClassLoader default-value="true">${surefire.useSystemClassLoader}</useSystemClassLoader>
  <useUnlimitedThreads default-value="false">${useUnlimitedThreads}</useUnlimitedThreads>
  <workingDirectory>${basedir}</workingDirectory>
</configuration>
[DEBUG] =======================================================================
[DEBUG] com.amdocs:amdocs-helloworld-app:jar:1.0-SNAPSHOT
[DEBUG]    junit:junit:jar:3.8.1:test
[INFO] 
[INFO] --- maven-resources-plugin:2.3:resources (default-resources) @ amdocs-helloworld-app ---
[DEBUG] Created new class realm maven.api
[DEBUG] Importing foreign packages into class realm maven.api
[DEBUG]   Imported: org.apache.maven.cli < plexus.core
[DEBUG]   Imported: org.codehaus.plexus.lifecycle < plexus.core
[DEBUG]   Imported: org.apache.maven.lifecycle < plexus.core
[DEBUG]   Imported: org.apache.maven.repository < plexus.core
[DEBUG]   Imported: org.codehaus.plexus.personality < plexus.core
[DEBUG]   Imported: org.apache.maven.usability < plexus.core
[DEBUG]   Imported: org.codehaus.plexus.configuration < plexus.core
[DEBUG]   Imported: org.sonatype.aether.version < plexus.core
[DEBUG]   Imported: org.sonatype.aether.* < plexus.core
[DEBUG]   Imported: org.sonatype.aether.artifact < plexus.core
[DEBUG]   Imported: org.apache.maven.* < plexus.core
[DEBUG]   Imported: org.apache.maven.project < plexus.core
[DEBUG]   Imported: org.sonatype.aether.repository < plexus.core
[DEBUG]   Imported: org.sonatype.aether.impl < plexus.core
[DEBUG]   Imported: org.apache.maven.exception < plexus.core
[DEBUG]   Imported: org.apache.maven.plugin < plexus.core
[DEBUG]   Imported: org.sonatype.aether.collection < plexus.core
[DEBUG]   Imported: org.codehaus.plexus.* < plexus.core
[DEBUG]   Imported: org.codehaus.plexus.logging < plexus.core
[DEBUG]   Imported: org.apache.maven.profiles < plexus.core
[DEBUG]   Imported: org.sonatype.aether.metadata < plexus.core
[DEBUG]   Imported: org.sonatype.aether.spi < plexus.core
[DEBUG]   Imported: org.codehaus.plexus.util.xml.pull.XmlPullParserException < plexus.core
[DEBUG]   Imported: org.apache.maven.wagon.* < plexus.core
[DEBUG]   Imported: org.sonatype.aether.graph < plexus.core
[DEBUG]   Imported: org.apache.maven.rtinfo < plexus.core
[DEBUG]   Imported: org.sonatype.aether.installation < plexus.core
[DEBUG]   Imported: org.apache.maven.monitor < plexus.core
[DEBUG]   Imported: org.sonatype.aether.transfer < plexus.core
[DEBUG]   Imported: org.codehaus.plexus.context < plexus.core
[DEBUG]   Imported: org.apache.maven.wagon.observers < plexus.core
[DEBUG]   Imported: org.apache.maven.wagon.resource < plexus.core
[DEBUG]   Imported: org.sonatype.aether.deployment < plexus.core
[DEBUG]   Imported: org.apache.maven.model < plexus.core
[DEBUG]   Imported: org.codehaus.plexus.util.xml.Xpp3Dom < plexus.core
[DEBUG]   Imported: org.apache.maven.artifact < plexus.core
[DEBUG]   Imported: org.apache.maven.toolchain < plexus.core
[DEBUG]   Imported: org.codehaus.plexus.util.xml.pull.XmlSerializer < plexus.core
[DEBUG]   Imported: org.apache.maven.settings < plexus.core
[DEBUG]   Imported: org.apache.maven.wagon.authorization < plexus.core
[DEBUG]   Imported: org.apache.maven.wagon.events < plexus.core
[DEBUG]   Imported: org.apache.maven.wagon.authentication < plexus.core
[DEBUG]   Imported: org.apache.maven.reporting < plexus.core
[DEBUG]   Imported: org.apache.maven.wagon.repository < plexus.core
[DEBUG]   Imported: org.apache.maven.configuration < plexus.core
[DEBUG]   Imported: org.codehaus.plexus.classworlds < plexus.core
[DEBUG]   Imported: org.codehaus.classworlds < plexus.core
[DEBUG]   Imported: org.codehaus.plexus.util.xml.pull.XmlPullParser < plexus.core
[DEBUG]   Imported: org.apache.maven.classrealm < plexus.core
[DEBUG]   Imported: org.sonatype.aether.resolution < plexus.core
[DEBUG]   Imported: org.apache.maven.execution < plexus.core
[DEBUG]   Imported: org.apache.maven.wagon.proxy < plexus.core
[DEBUG]   Imported: org.codehaus.plexus.container < plexus.core
[DEBUG]   Imported: org.codehaus.plexus.component < plexus.core
[DEBUG] Populating class realm maven.api
[DEBUG] org.apache.maven.plugins:maven-resources-plugin:jar:2.3:
[DEBUG]    org.apache.maven:maven-plugin-api:jar:2.0.6:compile
[DEBUG]    org.apache.maven:maven-project:jar:2.0.6:compile
[DEBUG]       org.apache.maven:maven-settings:jar:2.0.6:compile
[DEBUG]       org.apache.maven:maven-profile:jar:2.0.6:compile
[DEBUG]       org.apache.maven:maven-model:jar:2.0.6:compile
[DEBUG]       org.apache.maven:maven-artifact-manager:jar:2.0.6:compile
[DEBUG]          org.apache.maven:maven-repository-metadata:jar:2.0.6:compile
[DEBUG]       org.apache.maven:maven-plugin-registry:jar:2.0.6:compile
[DEBUG]       org.apache.maven:maven-artifact:jar:2.0.6:compile
[DEBUG]       org.codehaus.plexus:plexus-container-default:jar:1.0-alpha-9-stable-1:compile
[DEBUG]          junit:junit:jar:3.8.1:compile
[DEBUG]          classworlds:classworlds:jar:1.1-alpha-2:compile
[DEBUG]    org.codehaus.plexus:plexus-utils:jar:1.5.6:compile
[DEBUG]    org.apache.maven.shared:maven-filtering:jar:1.0-beta-2:compile
[DEBUG]       org.apache.maven:maven-core:jar:2.0.6:compile
[DEBUG]          org.apache.maven:maven-plugin-parameter-documenter:jar:2.0.6:compile
[DEBUG]          org.apache.maven.reporting:maven-reporting-api:jar:2.0.6:compile
[DEBUG]             org.apache.maven.doxia:doxia-sink-api:jar:1.0-alpha-7:compile
[DEBUG]          org.apache.maven:maven-error-diagnostics:jar:2.0.6:compile
[DEBUG]          commons-cli:commons-cli:jar:1.0:compile
[DEBUG]          org.apache.maven:maven-plugin-descriptor:jar:2.0.6:compile
[DEBUG]          org.codehaus.plexus:plexus-interactivity-api:jar:1.0-alpha-4:compile
[DEBUG]       org.apache.maven:maven-monitor:jar:2.0.6:compile
[DEBUG]       org.codehaus.plexus:plexus-interpolation:jar:1.6:compile
[DEBUG] Created new class realm plugin>org.apache.maven.plugins:maven-resources-plugin:2.3
[DEBUG] Importing foreign packages into class realm plugin>org.apache.maven.plugins:maven-resources-plugin:2.3
[DEBUG]   Imported:  < maven.api
[DEBUG] Populating class realm plugin>org.apache.maven.plugins:maven-resources-plugin:2.3
[DEBUG]   Included: org.apache.maven.plugins:maven-resources-plugin:jar:2.3
[DEBUG]   Included: junit:junit:jar:3.8.1
[DEBUG]   Included: org.codehaus.plexus:plexus-utils:jar:1.5.6
[DEBUG]   Included: org.apache.maven.shared:maven-filtering:jar:1.0-beta-2
[DEBUG]   Included: org.apache.maven.reporting:maven-reporting-api:jar:2.0.6
[DEBUG]   Included: org.apache.maven.doxia:doxia-sink-api:jar:1.0-alpha-7
[DEBUG]   Included: commons-cli:commons-cli:jar:1.0
[DEBUG]   Included: org.codehaus.plexus:plexus-interactivity-api:jar:1.0-alpha-4
[DEBUG]   Included: org.codehaus.plexus:plexus-interpolation:jar:1.6
[DEBUG]   Excluded: org.apache.maven:maven-plugin-api:jar:2.0.6
[DEBUG]   Excluded: org.apache.maven:maven-project:jar:2.0.6
[DEBUG]   Excluded: org.apache.maven:maven-settings:jar:2.0.6
[DEBUG]   Excluded: org.apache.maven:maven-profile:jar:2.0.6
[DEBUG]   Excluded: org.apache.maven:maven-model:jar:2.0.6
[DEBUG]   Excluded: org.apache.maven:maven-artifact-manager:jar:2.0.6
[DEBUG]   Excluded: org.apache.maven:maven-repository-metadata:jar:2.0.6
[DEBUG]   Excluded: org.apache.maven:maven-plugin-registry:jar:2.0.6
[DEBUG]   Excluded: org.apache.maven:maven-artifact:jar:2.0.6
[DEBUG]   Excluded: org.codehaus.plexus:plexus-container-default:jar:1.0-alpha-9-stable-1
[DEBUG]   Excluded: classworlds:classworlds:jar:1.1-alpha-2
[DEBUG]   Excluded: org.apache.maven:maven-core:jar:2.0.6
[DEBUG]   Excluded: org.apache.maven:maven-plugin-parameter-documenter:jar:2.0.6
[DEBUG]   Excluded: org.apache.maven:maven-error-diagnostics:jar:2.0.6
[DEBUG]   Excluded: org.apache.maven:maven-plugin-descriptor:jar:2.0.6
[DEBUG]   Excluded: org.apache.maven:maven-monitor:jar:2.0.6
[DEBUG] Configuring mojo org.apache.maven.plugins:maven-resources-plugin:2.3:resources from plugin realm ClassRealm[plugin>org.apache.maven.plugins:maven-resources-plugin:2.3, parent: sun.misc.Launcher$AppClassLoader@5c647e05]
[DEBUG] Configuring mojo 'org.apache.maven.plugins:maven-resources-plugin:2.3:resources' with basic configurator -->
[DEBUG]   (f) encoding = UTF-8
[DEBUG]   (f) filters = []
[DEBUG]   (s) includeEmptyDirs = false
[DEBUG]   (s) outputDirectory = /home/train/Training/hello_new/amdocs-helloworld-app/target/classes
[DEBUG]   (s) overwrite = false
[DEBUG]   (f) project = MavenProject: com.amdocs:amdocs-helloworld-app:1.0-SNAPSHOT @ /home/train/Training/hello_new/amdocs-helloworld-app/pom.xml
[DEBUG]   (s) resources = [Resource {targetPath: null, filtering: false, FileSet {directory: /home/train/Training/hello_new/amdocs-helloworld-app/src/main/resources, PatternSet [includes: {}, excludes: {}]}}]
[DEBUG]   (f) session = org.apache.maven.execution.MavenSession@4982cc36
[DEBUG] -- end configuration --
[DEBUG] properties used {java.vendor=Oracle Corporation, env.SESSION_MANAGER=local/trn2953:@/tmp/.ICE-unix/3569,unix/trn2953:/tmp/.ICE-unix/3569, env.LESSOPEN=| /bin/lesspipe %s, sun.java.launcher=SUN_STANDARD, sun.management.compiler=HotSpot 64-Bit Tiered Compilers, env.ALL_PROXY=socks://10.19.16.165:8080/, os.name=Linux, sun.boot.class.path=/home/train/java/jdk1.8.0_91/jre/lib/resources.jar:/home/train/java/jdk1.8.0_91/jre/lib/rt.jar:/home/train/java/jdk1.8.0_91/jre/lib/sunrsasign.jar:/home/train/java/jdk1.8.0_91/jre/lib/jsse.jar:/home/train/java/jdk1.8.0_91/jre/lib/jce.jar:/home/train/java/jdk1.8.0_91/jre/lib/charsets.jar:/home/train/java/jdk1.8.0_91/jre/lib/jfr.jar:/home/train/java/jdk1.8.0_91/jre/classes, env.PWD=/home/train/Training/hello_new/amdocs-helloworld-app, env.ftp_proxy=http://10.19.16.165:8080/, env.LANG=en_US.UTF-8, java.vm.specification.vendor=Oracle Corporation, env.XDG_MENU_PREFIX=xfce-, java.runtime.version=1.8.0_91-b14, project.build.sourceEncoding=UTF-8, env.DISPLAY=:10.0, env.GLADE_CATALOG_PATH=:, user.name=train, env._=/usr/bin/mvn, maven.build.version=Apache Maven 3.0.5, env.USER=train, env.SHELL=/bin/bash, env.UID=1001, env.DESKTOP_SESSION=xfce, env.XDG_DATA_DIRS=/usr/local/share:/usr/share, env.NLSPATH=/usr/dt/lib/nls/msg/%L/%N.cat, env.PATH=/home/train/java/jdk1.8.0_91//bin:/bin:/usr/bin:/usr/X11R6/bin:/usr/local/bin, env.XDG_CURRENT_DESKTOP=XFCE, user.language=en, env.no_proxy=localhost,127.0.0.0/8,::1, sun.boot.library.path=/home/train/java/jdk1.8.0_91/jre/lib/amd64, classworlds.conf=/usr/share/maven/bin/m2.conf, java.version=1.8.0_91, user.timezone=, env.DBUS_SESSION_BUS_ADDRESS=unix:abstract=/tmp/dbus-YEhFuBnUFO,guid=4a9d946280d50f7decf951e75a028a6b, sun.arch.data.model=64, env.SSH_AGENT_PID=3580, java.endorsed.dirs=/home/train/java/jdk1.8.0_91/jre/lib/endorsed, sun.cpu.isalist=, env.HTTPS_PROXY=http://10.19.16.165:8080/, sun.jnu.encoding=UTF-8, file.encoding.pkg=sun.io, env.SHLVL=1, file.separator=/, java.specification.name=Java Platform API Specification, java.class.version=52.0, user.country=US, java.home=/home/train/java/jdk1.8.0_91/jre, java.vm.info=mixed mode, env.FTP_PROXY=http://10.19.16.165:8080/, os.version=3.19.0-25-generic, path.separator=:, java.vm.version=25.91-b14, env.https_proxy=http://10.19.16.165:8080/, env.JAVA_HOME=/home/train/java/jdk1.8.0_91/, java.awt.printerjob=sun.print.PSPrinterJob, env.TERM=xterm, sun.io.unicode.encoding=UnicodeLittle, awt.toolkit=sun.awt.X11.XToolkit, env.GLADE_MODULE_PATH=:, env.NO_PROXY=localhost,127.0.0.0/8,::1, user.home=/home/train, env.OLDPWD=/home/train/Training/hello_new/amdocs-helloworld-app, java.specification.vendor=Oracle Corporation, env.VTE_VERSION=3409, env.http_proxy=http://10.19.16.165:8080/, env.WINDOWID=46137353, java.library.path=/usr/java/packages/lib/amd64:/usr/lib64:/lib64:/lib:/usr/lib, java.vendor.url=http://java.oracle.com/, java.vm.vendor=Oracle Corporation, java.runtime.name=Java(TM) SE Runtime Environment, maven.home=/usr/share/maven, java.class.path=/usr/share/maven/boot/plexus-classworlds-2.x.jar, sun.java.command=org.codehaus.plexus.classworlds.launcher.Launcher test -X, env.XDG_SESSION_ID=c3, maven.version=3.0.5, env.XFILESEARCHPATH=/usr/dt/app-defaults/%L/Dt, java.vm.specification.name=Java Virtual Machine Specification, java.vm.specification.version=1.8, sun.os.patch.level=unknown, sun.cpu.endian=little, env.HOME=/home/train, env.all_proxy=socks://10.19.16.165:8080/, java.io.tmpdir=/tmp, env.LS_COLORS=rs=0:di=01;34:ln=01;36:mh=00:pi=40;33:so=01;35:do=01;35:bd=40;33;01:cd=40;33;01:or=40;31;01:su=37;41:sg=30;43:ca=30;41:tw=30;42:ow=34;42:st=37;44:ex=01;32:*.tar=01;31:*.tgz=01;31:*.arj=01;31:*.taz=01;31:*.lzh=01;31:*.lzma=01;31:*.tlz=01;31:*.txz=01;31:*.zip=01;31:*.z=01;31:*.Z=01;31:*.dz=01;31:*.gz=01;31:*.lz=01;31:*.xz=01;31:*.bz2=01;31:*.bz=01;31:*.tbz=01;31:*.tbz2=01;31:*.tz=01;31:*.deb=01;31:*.rpm=01;31:*.jar=01;31:*.war=01;31:*.ear=01;31:*.sar=01;31:*.rar=01;31:*.ace=01;31:*.zoo=01;31:*.cpio=01;31:*.7z=01;31:*.rz=01;31:*.jpg=01;35:*.jpeg=01;35:*.gif=01;35:*.bmp=01;35:*.pbm=01;35:*.pgm=01;35:*.ppm=01;35:*.tga=01;35:*.xbm=01;35:*.xpm=01;35:*.tif=01;35:*.tiff=01;35:*.png=01;35:*.svg=01;35:*.svgz=01;35:*.mng=01;35:*.pcx=01;35:*.mov=01;35:*.mpg=01;35:*.mpeg=01;35:*.m2v=01;35:*.mkv=01;35:*.webm=01;35:*.ogm=01;35:*.mp4=01;35:*.m4v=01;35:*.mp4v=01;35:*.vob=01;35:*.qt=01;35:*.nuv=01;35:*.wmv=01;35:*.asf=01;35:*.rm=01;35:*.rmvb=01;35:*.flc=01;35:*.avi=01;35:*.fli=01;35:*.flv=01;35:*.gl=01;35:*.dl=01;35:*.xcf=01;35:*.xwd=01;35:*.yuv=01;35:*.cgm=01;35:*.emf=01;35:*.axv=01;35:*.anx=01;35:*.ogv=01;35:*.ogx=01;35:*.aac=00;36:*.au=00;36:*.flac=00;36:*.mid=00;36:*.midi=00;36:*.mka=00;36:*.mp3=00;36:*.mpc=00;36:*.ogg=00;36:*.ra=00;36:*.wav=00;36:*.axa=00;36:*.oga=00;36:*.spx=00;36:*.xspf=00;36:, java.vendor.url.bug=http://bugreport.sun.com/bugreport/, env.SSH_AUTH_SOCK=/tmp/ssh-pt4S5Bc87OUX/agent.3579, java.awt.graphicsenv=sun.awt.X11GraphicsEnvironment, os.arch=amd64, env.XDG_RUNTIME_DIR=/run/user/1001, java.ext.dirs=/home/train/java/jdk1.8.0_91/jre/lib/ext:/usr/java/packages/lib/ext, user.dir=/home/train/Training/hello_new/amdocs-helloworld-app, line.separator=
, java.vm.name=Java HotSpot(TM) 64-Bit Server VM, env.COLORTERM=gnome-terminal, env.GLADE_PIXMAP_PATH=:, file.encoding=UTF-8, java.specification.version=1.8, env.XDG_CONFIG_DIRS=/etc/xdg, env.HTTP_PROXY=http://10.19.16.165:8080/, env.LESSCLOSE=/bin/lesspipe %s %s}
[INFO] Using 'UTF-8' encoding to copy filtered resources.
[DEBUG] resource with targetPath null
directory /home/train/Training/hello_new/amdocs-helloworld-app/src/main/resources
excludes []
includes []
[INFO] skip non existing resourceDirectory /home/train/Training/hello_new/amdocs-helloworld-app/src/main/resources
[INFO] 
[INFO] --- maven-compiler-plugin:2.0.2:compile (default-compile) @ amdocs-helloworld-app ---
[DEBUG] org.apache.maven.plugins:maven-compiler-plugin:jar:2.0.2:
[DEBUG]    org.apache.maven:maven-plugin-api:jar:2.0:compile
[DEBUG]    org.codehaus.plexus:plexus-utils:jar:1.0.4:compile
[DEBUG]    org.codehaus.plexus:plexus-compiler-api:jar:1.5.3:compile
[DEBUG]       org.codehaus.plexus:plexus-container-default:jar:1.0-alpha-8:compile
[DEBUG]          junit:junit:jar:3.8.1:compile
[DEBUG]          classworlds:classworlds:jar:1.1-alpha-2:compile
[DEBUG]    org.codehaus.plexus:plexus-compiler-manager:jar:1.5.3:compile
[DEBUG]    org.codehaus.plexus:plexus-compiler-javac:jar:1.5.3:runtime
[DEBUG]    org.apache.maven:maven-artifact:jar:2.0:compile
[DEBUG] Created new class realm plugin>org.apache.maven.plugins:maven-compiler-plugin:2.0.2
[DEBUG] Importing foreign packages into class realm plugin>org.apache.maven.plugins:maven-compiler-plugin:2.0.2
[DEBUG]   Imported:  < maven.api
[DEBUG] Populating class realm plugin>org.apache.maven.plugins:maven-compiler-plugin:2.0.2
[DEBUG]   Included: org.apache.maven.plugins:maven-compiler-plugin:jar:2.0.2
[DEBUG]   Included: org.codehaus.plexus:plexus-utils:jar:1.0.4
[DEBUG]   Included: org.codehaus.plexus:plexus-compiler-api:jar:1.5.3
[DEBUG]   Included: junit:junit:jar:3.8.1
[DEBUG]   Included: org.codehaus.plexus:plexus-compiler-manager:jar:1.5.3
[DEBUG]   Included: org.codehaus.plexus:plexus-compiler-javac:jar:1.5.3
[DEBUG]   Excluded: org.apache.maven:maven-plugin-api:jar:2.0
[DEBUG]   Excluded: org.codehaus.plexus:plexus-container-default:jar:1.0-alpha-8
[DEBUG]   Excluded: classworlds:classworlds:jar:1.1-alpha-2
[DEBUG]   Excluded: org.apache.maven:maven-artifact:jar:2.0
[DEBUG] Configuring mojo org.apache.maven.plugins:maven-compiler-plugin:2.0.2:compile from plugin realm ClassRealm[plugin>org.apache.maven.plugins:maven-compiler-plugin:2.0.2, parent: sun.misc.Launcher$AppClassLoader@5c647e05]
[DEBUG] Configuring mojo 'org.apache.maven.plugins:maven-compiler-plugin:2.0.2:compile' with basic configurator -->
[DEBUG]   (f) basedir = /home/train/Training/hello_new/amdocs-helloworld-app
[DEBUG]   (f) buildDirectory = /home/train/Training/hello_new/amdocs-helloworld-app/target
[DEBUG]   (f) classpathElements = [/home/train/Training/hello_new/amdocs-helloworld-app/target/classes]
[DEBUG]   (f) compileSourceRoots = [/home/train/Training/hello_new/amdocs-helloworld-app/src/main/java]
[DEBUG]   (f) compilerId = javac
[DEBUG]   (f) debug = true
[DEBUG]   (f) failOnError = true
[DEBUG]   (f) fork = false
[DEBUG]   (f) optimize = false
[DEBUG]   (f) outputDirectory = /home/train/Training/hello_new/amdocs-helloworld-app/target/classes
[DEBUG]   (f) outputFileName = amdocs-helloworld-app-1.0-SNAPSHOT
[DEBUG]   (f) projectArtifact = com.amdocs:amdocs-helloworld-app:jar:1.0-SNAPSHOT
[DEBUG]   (f) showDeprecation = false
[DEBUG]   (f) showWarnings = false
[DEBUG]   (f) staleMillis = 0
[DEBUG]   (f) verbose = false
[DEBUG] -- end configuration --
[DEBUG] Using compiler 'javac'.
[DEBUG] Source directories: [/home/train/Training/hello_new/amdocs-helloworld-app/src/main/java]
[DEBUG] Classpath: [/home/train/Training/hello_new/amdocs-helloworld-app/target/classes]
[DEBUG] Output directory: /home/train/Training/hello_new/amdocs-helloworld-app/target/classes
[INFO] Nothing to compile - all classes are up to date
[INFO] 
[INFO] --- maven-resources-plugin:2.3:testResources (default-testResources) @ amdocs-helloworld-app ---
[DEBUG] Configuring mojo org.apache.maven.plugins:maven-resources-plugin:2.3:testResources from plugin realm ClassRealm[plugin>org.apache.maven.plugins:maven-resources-plugin:2.3, parent: sun.misc.Launcher$AppClassLoader@5c647e05]
[DEBUG] Configuring mojo 'org.apache.maven.plugins:maven-resources-plugin:2.3:testResources' with basic configurator -->
[DEBUG]   (f) encoding = UTF-8
[DEBUG]   (f) filters = []
[DEBUG]   (s) includeEmptyDirs = false
[DEBUG]   (s) outputDirectory = /home/train/Training/hello_new/amdocs-helloworld-app/target/test-classes
[DEBUG]   (s) overwrite = false
[DEBUG]   (f) project = MavenProject: com.amdocs:amdocs-helloworld-app:1.0-SNAPSHOT @ /home/train/Training/hello_new/amdocs-helloworld-app/pom.xml
[DEBUG]   (s) resources = [Resource {targetPath: null, filtering: false, FileSet {directory: /home/train/Training/hello_new/amdocs-helloworld-app/src/test/resources, PatternSet [includes: {}, excludes: {}]}}]
[DEBUG]   (f) session = org.apache.maven.execution.MavenSession@4982cc36
[DEBUG] -- end configuration --
[DEBUG] properties used {java.vendor=Oracle Corporation, env.SESSION_MANAGER=local/trn2953:@/tmp/.ICE-unix/3569,unix/trn2953:/tmp/.ICE-unix/3569, env.LESSOPEN=| /bin/lesspipe %s, sun.java.launcher=SUN_STANDARD, sun.management.compiler=HotSpot 64-Bit Tiered Compilers, env.ALL_PROXY=socks://10.19.16.165:8080/, os.name=Linux, sun.boot.class.path=/home/train/java/jdk1.8.0_91/jre/lib/resources.jar:/home/train/java/jdk1.8.0_91/jre/lib/rt.jar:/home/train/java/jdk1.8.0_91/jre/lib/sunrsasign.jar:/home/train/java/jdk1.8.0_91/jre/lib/jsse.jar:/home/train/java/jdk1.8.0_91/jre/lib/jce.jar:/home/train/java/jdk1.8.0_91/jre/lib/charsets.jar:/home/train/java/jdk1.8.0_91/jre/lib/jfr.jar:/home/train/java/jdk1.8.0_91/jre/classes, env.PWD=/home/train/Training/hello_new/amdocs-helloworld-app, env.ftp_proxy=http://10.19.16.165:8080/, env.LANG=en_US.UTF-8, java.vm.specification.vendor=Oracle Corporation, env.XDG_MENU_PREFIX=xfce-, java.runtime.version=1.8.0_91-b14, project.build.sourceEncoding=UTF-8, env.DISPLAY=:10.0, env.GLADE_CATALOG_PATH=:, user.name=train, env._=/usr/bin/mvn, maven.build.version=Apache Maven 3.0.5, env.USER=train, env.SHELL=/bin/bash, env.UID=1001, env.DESKTOP_SESSION=xfce, env.XDG_DATA_DIRS=/usr/local/share:/usr/share, env.NLSPATH=/usr/dt/lib/nls/msg/%L/%N.cat, env.PATH=/home/train/java/jdk1.8.0_91//bin:/bin:/usr/bin:/usr/X11R6/bin:/usr/local/bin, env.XDG_CURRENT_DESKTOP=XFCE, user.language=en, env.no_proxy=localhost,127.0.0.0/8,::1, sun.boot.library.path=/home/train/java/jdk1.8.0_91/jre/lib/amd64, classworlds.conf=/usr/share/maven/bin/m2.conf, java.version=1.8.0_91, user.timezone=, env.DBUS_SESSION_BUS_ADDRESS=unix:abstract=/tmp/dbus-YEhFuBnUFO,guid=4a9d946280d50f7decf951e75a028a6b, sun.arch.data.model=64, env.SSH_AGENT_PID=3580, java.endorsed.dirs=/home/train/java/jdk1.8.0_91/jre/lib/endorsed, sun.cpu.isalist=, env.HTTPS_PROXY=http://10.19.16.165:8080/, sun.jnu.encoding=UTF-8, file.encoding.pkg=sun.io, env.SHLVL=1, file.separator=/, java.specification.name=Java Platform API Specification, java.class.version=52.0, user.country=US, java.home=/home/train/java/jdk1.8.0_91/jre, java.vm.info=mixed mode, env.FTP_PROXY=http://10.19.16.165:8080/, os.version=3.19.0-25-generic, path.separator=:, java.vm.version=25.91-b14, env.https_proxy=http://10.19.16.165:8080/, env.JAVA_HOME=/home/train/java/jdk1.8.0_91/, java.awt.printerjob=sun.print.PSPrinterJob, env.TERM=xterm, sun.io.unicode.encoding=UnicodeLittle, awt.toolkit=sun.awt.X11.XToolkit, env.GLADE_MODULE_PATH=:, env.NO_PROXY=localhost,127.0.0.0/8,::1, user.home=/home/train, env.OLDPWD=/home/train/Training/hello_new/amdocs-helloworld-app, java.specification.vendor=Oracle Corporation, env.VTE_VERSION=3409, env.http_proxy=http://10.19.16.165:8080/, env.WINDOWID=46137353, java.library.path=/usr/java/packages/lib/amd64:/usr/lib64:/lib64:/lib:/usr/lib, java.vendor.url=http://java.oracle.com/, java.vm.vendor=Oracle Corporation, java.runtime.name=Java(TM) SE Runtime Environment, maven.home=/usr/share/maven, java.class.path=/usr/share/maven/boot/plexus-classworlds-2.x.jar, sun.java.command=org.codehaus.plexus.classworlds.launcher.Launcher test -X, env.XDG_SESSION_ID=c3, maven.version=3.0.5, env.XFILESEARCHPATH=/usr/dt/app-defaults/%L/Dt, java.vm.specification.name=Java Virtual Machine Specification, java.vm.specification.version=1.8, sun.os.patch.level=unknown, sun.cpu.endian=little, env.HOME=/home/train, env.all_proxy=socks://10.19.16.165:8080/, java.io.tmpdir=/tmp, env.LS_COLORS=rs=0:di=01;34:ln=01;36:mh=00:pi=40;33:so=01;35:do=01;35:bd=40;33;01:cd=40;33;01:or=40;31;01:su=37;41:sg=30;43:ca=30;41:tw=30;42:ow=34;42:st=37;44:ex=01;32:*.tar=01;31:*.tgz=01;31:*.arj=01;31:*.taz=01;31:*.lzh=01;31:*.lzma=01;31:*.tlz=01;31:*.txz=01;31:*.zip=01;31:*.z=01;31:*.Z=01;31:*.dz=01;31:*.gz=01;31:*.lz=01;31:*.xz=01;31:*.bz2=01;31:*.bz=01;31:*.tbz=01;31:*.tbz2=01;31:*.tz=01;31:*.deb=01;31:*.rpm=01;31:*.jar=01;31:*.war=01;31:*.ear=01;31:*.sar=01;31:*.rar=01;31:*.ace=01;31:*.zoo=01;31:*.cpio=01;31:*.7z=01;31:*.rz=01;31:*.jpg=01;35:*.jpeg=01;35:*.gif=01;35:*.bmp=01;35:*.pbm=01;35:*.pgm=01;35:*.ppm=01;35:*.tga=01;35:*.xbm=01;35:*.xpm=01;35:*.tif=01;35:*.tiff=01;35:*.png=01;35:*.svg=01;35:*.svgz=01;35:*.mng=01;35:*.pcx=01;35:*.mov=01;35:*.mpg=01;35:*.mpeg=01;35:*.m2v=01;35:*.mkv=01;35:*.webm=01;35:*.ogm=01;35:*.mp4=01;35:*.m4v=01;35:*.mp4v=01;35:*.vob=01;35:*.qt=01;35:*.nuv=01;35:*.wmv=01;35:*.asf=01;35:*.rm=01;35:*.rmvb=01;35:*.flc=01;35:*.avi=01;35:*.fli=01;35:*.flv=01;35:*.gl=01;35:*.dl=01;35:*.xcf=01;35:*.xwd=01;35:*.yuv=01;35:*.cgm=01;35:*.emf=01;35:*.axv=01;35:*.anx=01;35:*.ogv=01;35:*.ogx=01;35:*.aac=00;36:*.au=00;36:*.flac=00;36:*.mid=00;36:*.midi=00;36:*.mka=00;36:*.mp3=00;36:*.mpc=00;36:*.ogg=00;36:*.ra=00;36:*.wav=00;36:*.axa=00;36:*.oga=00;36:*.spx=00;36:*.xspf=00;36:, java.vendor.url.bug=http://bugreport.sun.com/bugreport/, env.SSH_AUTH_SOCK=/tmp/ssh-pt4S5Bc87OUX/agent.3579, java.awt.graphicsenv=sun.awt.X11GraphicsEnvironment, os.arch=amd64, env.XDG_RUNTIME_DIR=/run/user/1001, java.ext.dirs=/home/train/java/jdk1.8.0_91/jre/lib/ext:/usr/java/packages/lib/ext, user.dir=/home/train/Training/hello_new/amdocs-helloworld-app, line.separator=
, java.vm.name=Java HotSpot(TM) 64-Bit Server VM, env.COLORTERM=gnome-terminal, env.GLADE_PIXMAP_PATH=:, file.encoding=UTF-8, java.specification.version=1.8, env.XDG_CONFIG_DIRS=/etc/xdg, env.HTTP_PROXY=http://10.19.16.165:8080/, env.LESSCLOSE=/bin/lesspipe %s %s}
[INFO] Using 'UTF-8' encoding to copy filtered resources.
[DEBUG] resource with targetPath null
directory /home/train/Training/hello_new/amdocs-helloworld-app/src/test/resources
excludes []
includes []
[INFO] skip non existing resourceDirectory /home/train/Training/hello_new/amdocs-helloworld-app/src/test/resources
[INFO] 
[INFO] --- maven-compiler-plugin:2.0.2:testCompile (default-testCompile) @ amdocs-helloworld-app ---
[DEBUG] Configuring mojo org.apache.maven.plugins:maven-compiler-plugin:2.0.2:testCompile from plugin realm ClassRealm[plugin>org.apache.maven.plugins:maven-compiler-plugin:2.0.2, parent: sun.misc.Launcher$AppClassLoader@5c647e05]
[DEBUG] Configuring mojo 'org.apache.maven.plugins:maven-compiler-plugin:2.0.2:testCompile' with basic configurator -->
[DEBUG]   (f) basedir = /home/train/Training/hello_new/amdocs-helloworld-app
[DEBUG]   (f) buildDirectory = /home/train/Training/hello_new/amdocs-helloworld-app/target
[DEBUG]   (f) classpathElements = [/home/train/Training/hello_new/amdocs-helloworld-app/target/test-classes, /home/train/Training/hello_new/amdocs-helloworld-app/target/classes, /home/train/.m2/repository/junit/junit/3.8.1/junit-3.8.1.jar]
[DEBUG]   (f) compileSourceRoots = [/home/train/Training/hello_new/amdocs-helloworld-app/src/test/java]
[DEBUG]   (f) compilerId = javac
[DEBUG]   (f) debug = true
[DEBUG]   (f) failOnError = true
[DEBUG]   (f) fork = false
[DEBUG]   (f) optimize = false
[DEBUG]   (f) outputDirectory = /home/train/Training/hello_new/amdocs-helloworld-app/target/test-classes
[DEBUG]   (f) outputFileName = amdocs-helloworld-app-1.0-SNAPSHOT
[DEBUG]   (f) showDeprecation = false
[DEBUG]   (f) showWarnings = false
[DEBUG]   (f) staleMillis = 0
[DEBUG]   (f) verbose = false
[DEBUG] -- end configuration --
[DEBUG] Using compiler 'javac'.
[DEBUG] Source directories: [/home/train/Training/hello_new/amdocs-helloworld-app/src/test/java]
[DEBUG] Classpath: [/home/train/Training/hello_new/amdocs-helloworld-app/target/test-classes
 /home/train/Training/hello_new/amdocs-helloworld-app/target/classes
 /home/train/.m2/repository/junit/junit/3.8.1/junit-3.8.1.jar]
[DEBUG] Output directory: /home/train/Training/hello_new/amdocs-helloworld-app/target/test-classes
[DEBUG] Classpath:
[DEBUG]  /home/train/Training/hello_new/amdocs-helloworld-app/target/test-classes
[DEBUG]  /home/train/Training/hello_new/amdocs-helloworld-app/target/classes
[DEBUG]  /home/train/.m2/repository/junit/junit/3.8.1/junit-3.8.1.jar
[DEBUG] Source roots:
[DEBUG]  /home/train/Training/hello_new/amdocs-helloworld-app/src/test/java
[INFO] Compiling 1 source file to /home/train/Training/hello_new/amdocs-helloworld-app/target/test-classes
[INFO] 
[INFO] --- maven-surefire-plugin:2.10:test (default-test) @ amdocs-helloworld-app ---
[DEBUG] org.apache.maven.plugins:maven-surefire-plugin:jar:2.10:
[DEBUG]    org.apache.maven:maven-plugin-api:jar:2.0.9:compile
[DEBUG]    org.apache.maven.surefire:surefire-booter:jar:2.10:compile
[DEBUG]       org.apache.maven.surefire:surefire-api:jar:2.10:compile
[DEBUG]    org.apache.maven.surefire:maven-surefire-common:jar:2.10:compile
[DEBUG]       org.apache.maven.shared:maven-common-artifact-filters:jar:1.3:compile
[DEBUG]    org.codehaus.plexus:plexus-utils:jar:2.1:compile
[DEBUG]    org.apache.maven:maven-artifact:jar:2.0.9:compile
[DEBUG]    org.apache.maven:maven-project:jar:2.0.9:compile
[DEBUG]       org.apache.maven:maven-settings:jar:2.0.9:compile
[DEBUG]       org.apache.maven:maven-profile:jar:2.0.9:compile
[DEBUG]       org.apache.maven:maven-model:jar:2.0.9:compile
[DEBUG]       org.apache.maven:maven-artifact-manager:jar:2.0.9:compile
[DEBUG]       org.apache.maven:maven-plugin-registry:jar:2.0.9:compile
[DEBUG]       org.codehaus.plexus:plexus-container-default:jar:1.0-alpha-9-stable-1:compile
[DEBUG]          junit:junit:jar:3.8.1:test (scope managed from compile)
[DEBUG]    org.apache.maven:maven-core:jar:2.0.9:compile
[DEBUG]       org.apache.maven:maven-plugin-parameter-documenter:jar:2.0.9:compile
[DEBUG]       org.apache.maven.reporting:maven-reporting-api:jar:2.0.9:compile
[DEBUG]       org.apache.maven:maven-repository-metadata:jar:2.0.9:compile
[DEBUG]       org.apache.maven:maven-error-diagnostics:jar:2.0.9:compile
[DEBUG]       org.apache.maven:maven-plugin-descriptor:jar:2.0.9:compile
[DEBUG]       org.apache.maven:maven-monitor:jar:2.0.9:compile
[DEBUG]       classworlds:classworlds:jar:1.1:compile
[DEBUG]    org.apache.maven:maven-toolchain:jar:2.0.9:compile
[DEBUG] Created new class realm plugin>org.apache.maven.plugins:maven-surefire-plugin:2.10
[DEBUG] Importing foreign packages into class realm plugin>org.apache.maven.plugins:maven-surefire-plugin:2.10
[DEBUG]   Imported:  < maven.api
[DEBUG] Populating class realm plugin>org.apache.maven.plugins:maven-surefire-plugin:2.10
[DEBUG]   Included: org.apache.maven.plugins:maven-surefire-plugin:jar:2.10
[DEBUG]   Included: org.apache.maven.surefire:surefire-booter:jar:2.10
[DEBUG]   Included: org.apache.maven.surefire:surefire-api:jar:2.10
[DEBUG]   Included: org.apache.maven.surefire:maven-surefire-common:jar:2.10
[DEBUG]   Included: org.apache.maven.shared:maven-common-artifact-filters:jar:1.3
[DEBUG]   Included: org.codehaus.plexus:plexus-utils:jar:2.1
[DEBUG]   Included: org.apache.maven.reporting:maven-reporting-api:jar:2.0.9
[DEBUG]   Excluded: org.apache.maven:maven-plugin-api:jar:2.0.9
[DEBUG]   Excluded: org.apache.maven:maven-artifact:jar:2.0.9
[DEBUG]   Excluded: org.apache.maven:maven-project:jar:2.0.9
[DEBUG]   Excluded: org.apache.maven:maven-settings:jar:2.0.9
[DEBUG]   Excluded: org.apache.maven:maven-profile:jar:2.0.9
[DEBUG]   Excluded: org.apache.maven:maven-model:jar:2.0.9
[DEBUG]   Excluded: org.apache.maven:maven-artifact-manager:jar:2.0.9
[DEBUG]   Excluded: org.apache.maven:maven-plugin-registry:jar:2.0.9
[DEBUG]   Excluded: org.codehaus.plexus:plexus-container-default:jar:1.0-alpha-9-stable-1
[DEBUG]   Excluded: junit:junit:jar:3.8.1
[DEBUG]   Excluded: org.apache.maven:maven-core:jar:2.0.9
[DEBUG]   Excluded: org.apache.maven:maven-plugin-parameter-documenter:jar:2.0.9
[DEBUG]   Excluded: org.apache.maven:maven-repository-metadata:jar:2.0.9
[DEBUG]   Excluded: org.apache.maven:maven-error-diagnostics:jar:2.0.9
[DEBUG]   Excluded: org.apache.maven:maven-plugin-descriptor:jar:2.0.9
[DEBUG]   Excluded: org.apache.maven:maven-monitor:jar:2.0.9
[DEBUG]   Excluded: classworlds:classworlds:jar:1.1
[DEBUG]   Excluded: org.apache.maven:maven-toolchain:jar:2.0.9
[DEBUG] Configuring mojo org.apache.maven.plugins:maven-surefire-plugin:2.10:test from plugin realm ClassRealm[plugin>org.apache.maven.plugins:maven-surefire-plugin:2.10, parent: sun.misc.Launcher$AppClassLoader@5c647e05]
[DEBUG] Configuring mojo 'org.apache.maven.plugins:maven-surefire-plugin:2.10:test' with basic configurator -->
[DEBUG]   (s) basedir = /home/train/Training/hello_new/amdocs-helloworld-app
[DEBUG]   (s) childDelegation = false
[DEBUG]   (s) classesDirectory = /home/train/Training/hello_new/amdocs-helloworld-app/target/classes
[DEBUG]   (s) disableXmlReport = false
[DEBUG]   (s) enableAssertions = true
[DEBUG]   (s) forkMode = once
[DEBUG]   (s) junitArtifactName = junit:junit
[DEBUG]   (s) localRepository =        id: local
      url: file:///home/train/.m2/repository/
   layout: none

[DEBUG]   (f) parallelMavenExecution = false
[DEBUG]   (s) perCoreThreadCount = true
[DEBUG]   (s) pluginArtifactMap = {org.apache.maven.plugins:maven-surefire-plugin=org.apache.maven.plugins:maven-surefire-plugin:maven-plugin:2.10:, org.apache.maven.surefire:surefire-booter=org.apache.maven.surefire:surefire-booter:jar:2.10:compile, org.apache.maven.surefire:surefire-api=org.apache.maven.surefire:surefire-api:jar:2.10:compile, org.apache.maven.surefire:maven-surefire-common=org.apache.maven.surefire:maven-surefire-common:jar:2.10:compile, org.apache.maven.shared:maven-common-artifact-filters=org.apache.maven.shared:maven-common-artifact-filters:jar:1.3:compile, org.codehaus.plexus:plexus-utils=org.codehaus.plexus:plexus-utils:jar:2.1:compile, org.apache.maven.reporting:maven-reporting-api=org.apache.maven.reporting:maven-reporting-api:jar:2.0.9:compile}
[DEBUG]   (s) printSummary = true
[DEBUG]   (s) project = MavenProject: com.amdocs:amdocs-helloworld-app:1.0-SNAPSHOT @ /home/train/Training/hello_new/amdocs-helloworld-app/pom.xml
[DEBUG]   (s) projectArtifactMap = {junit:junit=junit:junit:jar:3.8.1:test}
[DEBUG]   (s) redirectTestOutputToFile = false
[DEBUG]   (s) remoteRepositories = [       id: central
      url: http://repo.maven.apache.org/maven2
   layout: default
snapshots: [enabled => false, update => daily]
 releases: [enabled => true, update => never]
]
[DEBUG]   (s) reportFormat = brief
[DEBUG]   (s) reportsDirectory = /home/train/Training/hello_new/amdocs-helloworld-app/target/surefire-reports
[DEBUG]   (s) runOrder = filesystem
[DEBUG]   (s) session = org.apache.maven.execution.MavenSession@4982cc36
[DEBUG]   (s) skip = false
[DEBUG]   (s) skipTests = false
[DEBUG]   (s) testClassesDirectory = /home/train/Training/hello_new/amdocs-helloworld-app/target/test-classes
[DEBUG]   (s) testFailureIgnore = false
[DEBUG]   (s) testNGArtifactName = org.testng:testng
[DEBUG]   (s) testSourceDirectory = /home/train/Training/hello_new/amdocs-helloworld-app/src/test/java
[DEBUG]   (s) trimStackTrace = true
[DEBUG]   (s) useFile = true
[DEBUG]   (s) useManifestOnlyJar = true
[DEBUG]   (s) useSystemClassLoader = true
[DEBUG]   (s) useUnlimitedThreads = false
[DEBUG]   (s) workingDirectory = /home/train/Training/hello_new/amdocs-helloworld-app
[DEBUG] -- end configuration --
[INFO] Surefire report directory: /home/train/Training/hello_new/amdocs-helloworld-app/target/surefire-reports
[DEBUG] dummy:dummy:jar:1.0 (selected for null)
[DEBUG]   org.apache.maven.surefire:surefire-booter:jar:2.10:compile (selected for compile)
[DEBUG]     org.apache.maven.surefire:surefire-api:jar:2.10:compile (selected for compile)
[DEBUG] Adding to surefire booter test classpath: /home/train/.m2/repository/org/apache/maven/surefire/surefire-booter/2.10/surefire-booter-2.10.jar Scope: compile
[DEBUG] Adding to surefire booter test classpath: /home/train/.m2/repository/org/apache/maven/surefire/surefire-api/2.10/surefire-api-2.10.jar Scope: compile
[DEBUG] Setting system property [user.dir]=[/home/train/Training/hello_new/amdocs-helloworld-app]
[DEBUG] Setting system property [localRepository]=[/home/train/.m2/repository]
[DEBUG] Setting system property [basedir]=[/home/train/Training/hello_new/amdocs-helloworld-app]
[DEBUG] Using JVM: /home/train/java/jdk1.8.0_91/jre/bin/java
[DEBUG] dummy:dummy:jar:1.0 (selected for null)
[DEBUG]   org.apache.maven.surefire:surefire-junit3:jar:2.10:test (selected for test)
[DEBUG]     org.apache.maven.surefire:surefire-api:jar:2.10:test (selected for test)
[DEBUG] Adding to surefire test classpath: /home/train/.m2/repository/org/apache/maven/surefire/surefire-junit3/2.10/surefire-junit3-2.10.jar Scope: test
[DEBUG] Adding to surefire test classpath: /home/train/.m2/repository/org/apache/maven/surefire/surefire-api/2.10/surefire-api-2.10.jar Scope: test
[DEBUG] test classpath classpath:
[DEBUG]   /home/train/Training/hello_new/amdocs-helloworld-app/target/test-classes
[DEBUG]   /home/train/Training/hello_new/amdocs-helloworld-app/target/classes
[DEBUG]   /home/train/.m2/repository/junit/junit/3.8.1/junit-3.8.1.jar
[DEBUG] provider classpath classpath:
[DEBUG]   /home/train/.m2/repository/org/apache/maven/surefire/surefire-junit3/2.10/surefire-junit3-2.10.jar
[DEBUG]   /home/train/.m2/repository/org/apache/maven/surefire/surefire-api/2.10/surefire-api-2.10.jar

-------------------------------------------------------
 T E S T S
-------------------------------------------------------
Forking command line: /bin/sh -c cd /home/train/Training/hello_new/amdocs-helloworld-app && /home/train/java/jdk1.8.0_91/jre/bin/java -jar /home/train/Training/hello_new/amdocs-helloworld-app/target/surefire/surefirebooter5105359243409840403.jar /home/train/Training/hello_new/amdocs-helloworld-app/target/surefire/surefire583660635377869934tmp /home/train/Training/hello_new/amdocs-helloworld-app/target/surefire/surefire1074522731310381270tmp
Running com.amdocs.AppTest
Tests run: 1, Failures: 0, Errors: 0, Skipped: 0, Time elapsed: 0.029 sec

Results :

Tests run: 1, Failures: 0, Errors: 0, Skipped: 0

[INFO] ------------------------------------------------------------------------
[INFO] BUILD SUCCESS
[INFO] ------------------------------------------------------------------------
[INFO] Total time: 1.920s
[INFO] Finished at: Wed Nov 08 15:51:05 IST 2017
[INFO] Final Memory: 12M/128M
[INFO] ------------------------------------------------------------------------
